node.exe : * daemon not running; starting now at tcp:5037
At C:\Program Files\nodejs\npx.ps1:29 char:3
+   & $NODE_EXE $NPX_CLI_JS $args
+   ~~~~~~~~~~~~~~~~~~~~~~~~~~~~~
    + CategoryInfo          : NotSpecified: (* daemon not ru...now at tcp:503 
   7:String) [], RemoteException
    + FullyQualifiedErrorId : NativeCommandError
 
* daemon started successfully
info Installing the app...
